// Jest Snapshot v1, https://goo.gl/fbAQLP

exports[`generatorByEvents sample 1`] = `
Array [
  Array [
    1,
  ],
  Array [
    2,
  ],
  Array [
    3,
  ],
  Array [
    4,
  ],
  Array [
    5,
  ],
  Array [
    6,
  ],
  Array [
    7,
  ],
  Array [
    8,
  ],
  Array [
    9,
  ],
]
`;
